Loading your crate guidance — mapping the essentials.
Found the TMP102 plan — 11 features split across Essential/Desirable/Rare. Now digging into the source for the core implementation.
I've got the full spec for Essential mode — checking if there's an existing crate layout to build on.
Found prior Essential work in git history — checking what happened to it.
Restored the prior Essential crate — now verifying it meets the spec.
The Essential implementation looks complete — running verification and adding the missing docs.
Essential crate verified and complete in `artifacts/tmp102`:

**Scope (from `outputs/tmp102/plan.md`):**
- `read_temperature()` → reads reg `0x00`, converts 12-bit normal / 13-bit extended to °C (0.0625°C LSB)
- `set_conversion_mode(Continuous|Shutdown)` → read-modify-write reg `0x01` SHUTDOWN bit, preserving other bits

**Structure (per `guidance-rust-crate-embedded`):**
- `src/tmp102.rs` – shared `Core<I2C>` (read/write primitives) + distinct `Tmp102` / `Tmp112` types (register-compatible, TMP112A/B/N differ by accuracy spec)
- `src/essential.rs` – Essential impl imported by device types, via `maybe-async-cfg` for blocking (`embedded-hal`) + async (`embedded-hal-async`, `async` feature)
- `src/register.rs`, `types.rs` (`SlaveAddr` 0x48–0x4B, `ConversionMode`), `errors.rs`, `lib.rs`, placeholder `desirable.rs` / `rare.rs`
- Single interface (I2C) – correct for TMP102, no extra interfaces needed

**Tests (minimal core cases, `embedded-hal-mock`):**
- `cargo test` – 2 unit + 5 integration pass (sync)
- `cargo test --features async` – 2 unit + 5 integration pass (async)
- Covers: temp read both devices, shutdown/continuous mode with bit preservation, alternative address `0x4B`

Added missing `README.md` Developer test section with both commands.
