Desirable functionality — routing to the right workflow.
That command isn't matching a known skill — I'll check your workspace to interpret what you need.
I've mapped your Essential driver — now I'll gather the details for the Desirable layer.
I've got the full picture for the Desirable set — now I'll build it into your driver.
Core Desirable features are implemented — now I'll update the docs and exports.
Docs are updated — now I'll add tests to verify the new functionality.
Desirable functionality implemented for `tmp102` (`artifacts/tmp102`, device `tmp102`):

Plan scope (`outputs/tmp102/plan.md` #3-6):
- `trigger_one_shot_measurement()` – RMW sets OS bit (MSB 0x80)
- `is_one_shot_measurement_result_ready() -> bool` – reads OS bit
- `set_conversion_rate(ConversionRate)` – new `ConversionRate::{Hz0_25,Hz1,Hz4(default),Hz8}`, RMW CR1/CR0 (LSB 0x80/0x40)
- `set_low/high_temperature_threshold(f32)` – EM-aware encoding, clamped normal `[-128,127.9375]` / extended `[-256,255.875]`, writes `T_LOW 0x02` / `T_HIGH 0x03`

Both `Tmp102`/`Tmp112`, both blocking + async via `maybe_async_cfg`.

Files:
- `src/register.rs`: added `T_LOW/T_HIGH`, `ONE_SHOT`, `BitFlagsLow::{EXTENDED_MODE,CONV_RATE0/1}`
- `src/types.rs`: added `ConversionRate`
- `src/desirable.rs`: full impl + unit tests for threshold conversion
- `src/lib.rs`: exports `ConversionRate`, scope docs updated
- `Cargo.toml`/`README.md`: scope Essential+Desirable
- `tests/desirable.rs`: 6 mock tests (trigger, ready true/false, rate 4Hz→1Hz `0xA0→0x60`, thresholds 60°C=`0x3C00` 80°C=`0x5000`, Tmp112)

Verify:
- `cargo test`: 5 unit + 6 desirable + 5 essential pass
- `cargo test --features async`: same, async variants pass
