Setting up your research workspace — folders, reference repos, and Rust crates.
Base folders are ready — now pulling the reference repos.
Reference repos are in — now fetching the gold-standard crates.
All crates normalized — doing a final check of the layout.
All 3 tasks done:

**Task 1 – folders:**
- `research/`, `artifacts/`, `outputs/` exist (`outputs/bmp280` preserved).

**Task 2 – research repos:**
- `research/esphome-components` ← `npx -y tiged esphome/esphome/esphome/components#dev`
- `research/esphome-docs-components` ← `npx -y tiged esphome/esphome.io/src/content/docs/components#current`
- `research/Periph` ← `git clone --branch main --depth 1 https://github.com/tuhde/Periph.git`
- `research/devices` ← `git clone --branch main --depth 1 https://github.com/periph/devices.git`

**Task 3 – goldstandardcrates (`research/goldstandardcrates/`):**
`cargo clone` for all 10, then renamed repo-dir → crate name (verified `Cargo.toml` `name` matches):
- `scd4x-rs` → `scd4x`
- `sht4x` (no rename)
- `bme280-rs` → `bme280`
- `ds323x-rs` → `ds323x`
- `ads1x1x-rs` → `ads1x1x`
- `mcp251xfd-rs` → `mcp251xfd`
- `tcs3472-rs` → `tcs3472`
- `eeprom24x-rs` → `eeprom24x`
- `lis3dh-rs` → `lis3dh`
- `lis3dh-rs-async` → `lis3dh-async`
